stm32f4xx_ll_bus.h:409:22:LL_AHB1_GRP1_EnableClock	8	static
stm32f4xx_ll_gpio.h:273:22:LL_GPIO_SetPinMode	12	static,ignoring_inline_asm
stm32f4xx_ll_gpio.h:484:22:LL_GPIO_SetPinPull	12	static,ignoring_inline_asm
stm32f4xx_ll_gpio.h:556:22:LL_GPIO_SetAFPin_0_7.constprop	12	static,ignoring_inline_asm
stm32f4xx_ll_gpio.h:413:22:LL_GPIO_SetPinSpeed.constprop	8	static,ignoring_inline_asm
main.c:368:6:Activate_I2C_Slave	0	static
main.c:389:6:Activate_I2C_Master	0	static
main.c:407:6:LED_Init	8	static
main.c:427:6:LED_On	0	static
main.c:438:6:LED_Off	0	static
main.c:453:6:LED_Blinking	8	static
main.c:139:6:Configure_I2C_Slave	16	static
main.c:254:6:Configure_I2C_Master	24	static,ignoring_inline_asm
main.c:471:6:UserButton_Init	16	static,ignoring_inline_asm
main.c:498:6:WaitForUserButtonPress	16	static
main.c:516:6:Handle_I2C_Slave	0	static
main.c:530:6:Handle_I2C_Master	0	static
main.c:560:6:SystemClock_Config	0	static
main.c:83:5:main	8	static
main.c:604:6:UserButton_Callback	0	static
main.c:616:6:Slave_Ready_To_Transmit_Callback	0	static
main.c:679:6:Slave_Complete_Callback	0	static
main.c:771:6:Error_Callback	8	static,ignoring_inline_asm
main.c:696:6:Master_Complete_Callback	16	static
main.c:637:6:Master_Reception_Callback	4	static
