Archive member included to satisfy reference by file (symbol)

c:/st/stm32cubeide_1.6.1/stm32cubeide/plugins/com.st.stm32cube.ide.mcu.externaltools.gnu-tools-for-stm32.9-2020-q2-update.win32_1.5.0.202011040924/tools/bin/../lib/gcc/arm-none-eabi/9.3.1/../../../../arm-none-eabi/lib/thumb/v7e-m+fp/hard\libc_nano.a(lib_a-exit.o)
                              c:/st/stm32cubeide_1.6.1/stm32cubeide/plugins/com.st.stm32cube.ide.mcu.externaltools.gnu-tools-for-stm32.9-2020-q2-update.win32_1.5.0.202011040924/tools/bin/../lib/gcc/arm-none-eabi/9.3.1/../../../../arm-none-eabi/lib/thumb/v7e-m+fp/hard/crt0.o (exit)
c:/st/stm32cubeide_1.6.1/stm32cubeide/plugins/com.st.stm32cube.ide.mcu.externaltools.gnu-tools-for-stm32.9-2020-q2-update.win32_1.5.0.202011040924/tools/bin/../lib/gcc/arm-none-eabi/9.3.1/../../../../arm-none-eabi/lib/thumb/v7e-m+fp/hard\libc_nano.a(lib_a-impure.o)
                              c:/st/stm32cubeide_1.6.1/stm32cubeide/plugins/com.st.stm32cube.ide.mcu.externaltools.gnu-tools-for-stm32.9-2020-q2-update.win32_1.5.0.202011040924/tools/bin/../lib/gcc/arm-none-eabi/9.3.1/../../../../arm-none-eabi/lib/thumb/v7e-m+fp/hard\libc_nano.a(lib_a-exit.o) (_global_impure_ptr)
c:/st/stm32cubeide_1.6.1/stm32cubeide/plugins/com.st.stm32cube.ide.mcu.externaltools.gnu-tools-for-stm32.9-2020-q2-update.win32_1.5.0.202011040924/tools/bin/../lib/gcc/arm-none-eabi/9.3.1/../../../../arm-none-eabi/lib/thumb/v7e-m+fp/hard\libc_nano.a(lib_a-init.o)
                              c:/st/stm32cubeide_1.6.1/stm32cubeide/plugins/com.st.stm32cube.ide.mcu.externaltools.gnu-tools-for-stm32.9-2020-q2-update.win32_1.5.0.202011040924/tools/bin/../lib/gcc/arm-none-eabi/9.3.1/../../../../arm-none-eabi/lib/thumb/v7e-m+fp/hard/crt0.o (__libc_init_array)
c:/st/stm32cubeide_1.6.1/stm32cubeide/plugins/com.st.stm32cube.ide.mcu.externaltools.gnu-tools-for-stm32.9-2020-q2-update.win32_1.5.0.202011040924/tools/bin/../lib/gcc/arm-none-eabi/9.3.1/../../../../arm-none-eabi/lib/thumb/v7e-m+fp/hard\libc_nano.a(lib_a-memset.o)
                              c:/st/stm32cubeide_1.6.1/stm32cubeide/plugins/com.st.stm32cube.ide.mcu.externaltools.gnu-tools-for-stm32.9-2020-q2-update.win32_1.5.0.202011040924/tools/bin/../lib/gcc/arm-none-eabi/9.3.1/../../../../arm-none-eabi/lib/thumb/v7e-m+fp/hard/crt0.o (memset)
c:/st/stm32cubeide_1.6.1/stm32cubeide/plugins/com.st.stm32cube.ide.mcu.externaltools.gnu-tools-for-stm32.9-2020-q2-update.win32_1.5.0.202011040924/tools/bin/../lib/gcc/arm-none-eabi/9.3.1/../../../../arm-none-eabi/lib/thumb/v7e-m+fp/hard\libnosys.a(_exit.o)
                              c:/st/stm32cubeide_1.6.1/stm32cubeide/plugins/com.st.stm32cube.ide.mcu.externaltools.gnu-tools-for-stm32.9-2020-q2-update.win32_1.5.0.202011040924/tools/bin/../lib/gcc/arm-none-eabi/9.3.1/../../../../arm-none-eabi/lib/thumb/v7e-m+fp/hard\libc_nano.a(lib_a-exit.o) (_exit)

Allocating common symbols
Common symbol       size              file

aReceiveBuffer      0x23              Example/User/main.o
i2c_initstruct      0x20              Example/User/main.o

Discarded input sections

 .text          0x0000000000000000        0x0 c:/st/stm32cubeide_1.6.1/stm32cubeide/plugins/com.st.stm32cube.ide.mcu.externaltools.gnu-tools-for-stm32.9-2020-q2-update.win32_1.5.0.202011040924/tools/bin/../lib/gcc/arm-none-eabi/9.3.1/thumb/v7e-m+fp/hard/crti.o
 .data          0x0000000000000000        0x0 c:/st/stm32cubeide_1.6.1/stm32cubeide/plugins/com.st.stm32cube.ide.mcu.externaltools.gnu-tools-for-stm32.9-2020-q2-update.win32_1.5.0.202011040924/tools/bin/../lib/gcc/arm-none-eabi/9.3.1/thumb/v7e-m+fp/hard/crti.o
 .bss           0x0000000000000000        0x0 c:/st/stm32cubeide_1.6.1/stm32cubeide/plugins/com.st.stm32cube.ide.mcu.externaltools.gnu-tools-for-stm32.9-2020-q2-update.win32_1.5.0.202011040924/tools/bin/../lib/gcc/arm-none-eabi/9.3.1/thumb/v7e-m+fp/hard/crti.o
 .data          0x0000000000000000        0x4 c:/st/stm32cubeide_1.6.1/stm32cubeide/plugins/com.st.stm32cube.ide.mcu.externaltools.gnu-tools-for-stm32.9-2020-q2-update.win32_1.5.0.202011040924/tools/bin/../lib/gcc/arm-none-eabi/9.3.1/thumb/v7e-m+fp/hard/crtbegin.o
 .text          0x0000000000000000       0x7c c:/st/stm32cubeide_1.6.1/stm32cubeide/plugins/com.st.stm32cube.ide.mcu.externaltools.gnu-tools-for-stm32.9-2020-q2-update.win32_1.5.0.202011040924/tools/bin/../lib/gcc/arm-none-eabi/9.3.1/../../../../arm-none-eabi/lib/thumb/v7e-m+fp/hard/crt0.o
 .data          0x0000000000000000        0x0 c:/st/stm32cubeide_1.6.1/stm32cubeide/plugins/com.st.stm32cube.ide.mcu.externaltools.gnu-tools-for-stm32.9-2020-q2-update.win32_1.5.0.202011040924/tools/bin/../lib/gcc/arm-none-eabi/9.3.1/../../../../arm-none-eabi/lib/thumb/v7e-m+fp/hard/crt0.o
 .bss           0x0000000000000000        0x0 c:/st/stm32cubeide_1.6.1/stm32cubeide/plugins/com.st.stm32cube.ide.mcu.externaltools.gnu-tools-for-stm32.9-2020-q2-update.win32_1.5.0.202011040924/tools/bin/../lib/gcc/arm-none-eabi/9.3.1/../../../../arm-none-eabi/lib/thumb/v7e-m+fp/hard/crt0.o
 .ARM.extab     0x0000000000000000        0x0 c:/st/stm32cubeide_1.6.1/stm32cubeide/plugins/com.st.stm32cube.ide.mcu.externaltools.gnu-tools-for-stm32.9-2020-q2-update.win32_1.5.0.202011040924/tools/bin/../lib/gcc/arm-none-eabi/9.3.1/../../../../arm-none-eabi/lib/thumb/v7e-m+fp/hard/crt0.o
 .ARM.exidx     0x0000000000000000       0x10 c:/st/stm32cubeide_1.6.1/stm32cubeide/plugins/com.st.stm32cube.ide.mcu.externaltools.gnu-tools-for-stm32.9-2020-q2-update.win32_1.5.0.202011040924/tools/bin/../lib/gcc/arm-none-eabi/9.3.1/../../../../arm-none-eabi/lib/thumb/v7e-m+fp/hard/crt0.o
 .ARM.attributes
                0x0000000000000000       0x1c c:/st/stm32cubeide_1.6.1/stm32cubeide/plugins/com.st.stm32cube.ide.mcu.externaltools.gnu-tools-for-stm32.9-2020-q2-update.win32_1.5.0.202011040924/tools/bin/../lib/gcc/arm-none-eabi/9.3.1/../../../../arm-none-eabi/lib/thumb/v7e-m+fp/hard/crt0.o
 .group         0x0000000000000000        0xc Drivers/CMSIS/system_stm32f4xx.o
 .group         0x0000000000000000        0xc Drivers/CMSIS/system_stm32f4xx.o
 .group         0x0000000000000000        0xc Drivers/CMSIS/system_stm32f4xx.o
 .group         0x0000000000000000        0xc Drivers/CMSIS/system_stm32f4xx.o
 .group         0x0000000000000000        0xc Drivers/CMSIS/system_stm32f4xx.o
 .group         0x0000000000000000        0xc Drivers/CMSIS/system_stm32f4xx.o
 .group         0x0000000000000000        0xc Drivers/CMSIS/system_stm32f4xx.o
 .group         0x0000000000000000        0xc Drivers/CMSIS/system_stm32f4xx.o
 .group         0x0000000000000000        0xc Drivers/CMSIS/system_stm32f4xx.o
 .group         0x0000000000000000        0xc Drivers/CMSIS/system_stm32f4xx.o
 .group         0x0000000000000000        0xc Drivers/CMSIS/system_stm32f4xx.o
 .group         0x0000000000000000        0xc Drivers/CMSIS/system_stm32f4xx.o
 .group         0x0000000000000000        0xc Drivers/CMSIS/system_stm32f4xx.o
 .group         0x0000000000000000        0xc Drivers/CMSIS/system_stm32f4xx.o
 .group         0x0000000000000000        0xc Drivers/CMSIS/system_stm32f4xx.o
 .group         0x0000000000000000        0xc Drivers/CMSIS/system_stm32f4xx.o
 .text          0x0000000000000000        0x0 Drivers/CMSIS/system_stm32f4xx.o
 .bss           0x0000000000000000        0x0 Drivers/CMSIS/system_stm32f4xx.o
 .text.SystemCoreClockUpdate
                0x0000000000000000       0x74 Drivers/CMSIS/system_stm32f4xx.o
 .group         0x0000000000000000        0xc Drivers/STM32F4xx_LL_Driver/stm32f4xx_ll_i2c.o
 .group         0x0000000000000000        0xc Drivers/STM32F4xx_LL_Driver/stm32f4xx_ll_i2c.o
 .group         0x0000000000000000        0xc Drivers/STM32F4xx_LL_Driver/stm32f4xx_ll_i2c.o
 .group         0x0000000000000000        0xc Drivers/STM32F4xx_LL_Driver/stm32f4xx_ll_i2c.o
 .group         0x0000000000000000        0xc Drivers/STM32F4xx_LL_Driver/stm32f4xx_ll_i2c.o
 .group         0x0000000000000000        0xc Drivers/STM32F4xx_LL_Driver/stm32f4xx_ll_i2c.o
 .group         0x0000000000000000        0xc Drivers/STM32F4xx_LL_Driver/stm32f4xx_ll_i2c.o
 .group         0x0000000000000000        0xc Drivers/STM32F4xx_LL_Driver/stm32f4xx_ll_i2c.o
 .group         0x0000000000000000        0xc Drivers/STM32F4xx_LL_Driver/stm32f4xx_ll_i2c.o
 .group         0x0000000000000000        0xc Drivers/STM32F4xx_LL_Driver/stm32f4xx_ll_i2c.o
 .group         0x0000000000000000        0xc Drivers/STM32F4xx_LL_Driver/stm32f4xx_ll_i2c.o
 .group         0x0000000000000000        0xc Drivers/STM32F4xx_LL_Driver/stm32f4xx_ll_i2c.o
 .group         0x0000000000000000        0xc Drivers/STM32F4xx_LL_Driver/stm32f4xx_ll_i2c.o
 .group         0x0000000000000000        0xc Drivers/STM32F4xx_LL_Driver/stm32f4xx_ll_i2c.o
 .group         0x0000000000000000        0xc Drivers/STM32F4xx_LL_Driver/stm32f4xx_ll_i2c.o
 .group         0x0000000000000000        0xc Drivers/STM32F4xx_LL_Driver/stm32f4xx_ll_i2c.o
 .group         0x0000000000000000        0xc Drivers/STM32F4xx_LL_Driver/stm32f4xx_ll_i2c.o
 .group         0x0000000000000000        0xc Drivers/STM32F4xx_LL_Driver/stm32f4xx_ll_i2c.o
 .group         0x0000000000000000        0xc Drivers/STM32F4xx_LL_Driver/stm32f4xx_ll_i2c.o
 .text          0x0000000000000000        0x0 Drivers/STM32F4xx_LL_Driver/stm32f4xx_ll_i2c.o
 .data          0x0000000000000000        0x0 Drivers/STM32F4xx_LL_Driver/stm32f4xx_ll_i2c.o
 .bss           0x0000000000000000        0x0 Drivers/STM32F4xx_LL_Driver/stm32f4xx_ll_i2c.o
 .text.LL_I2C_StructInit
                0x0000000000000000       0x1c Drivers/STM32F4xx_LL_Driver/stm32f4xx_ll_i2c.o
 .debug_macro   0x0000000000000000      0xaae Drivers/STM32F4xx_LL_Driver/stm32f4xx_ll_i2c.o
 .debug_macro   0x0000000000000000       0x2e Drivers/STM32F4xx_LL_Driver/stm32f4xx_ll_i2c.o
 .debug_macro   0x0000000000000000       0x28 Drivers/STM32F4xx_LL_Driver/stm32f4xx_ll_i2c.o
 .debug_macro   0x0000000000000000       0x22 Drivers/STM32F4xx_LL_Driver/stm32f4xx_ll_i2c.o
 .debug_macro   0x0000000000000000       0x8e Drivers/STM32F4xx_LL_Driver/stm32f4xx_ll_i2c.o
 .debug_macro   0x0000000000000000       0x51 Drivers/STM32F4xx_LL_Driver/stm32f4xx_ll_i2c.o
 .debug_macro   0x0000000000000000      0x103 Drivers/STM32F4xx_LL_Driver/stm32f4xx_ll_i2c.o
 .debug_macro   0x0000000000000000       0x6a Drivers/STM32F4xx_LL_Driver/stm32f4xx_ll_i2c.o
 .debug_macro   0x0000000000000000      0x1df Drivers/STM32F4xx_LL_Driver/stm32f4xx_ll_i2c.o
 .debug_macro   0x0000000000000000       0x1c Drivers/STM32F4xx_LL_Driver/stm32f4xx_ll_i2c.o
 .debug_macro   0x0000000000000000       0x22 Drivers/STM32F4xx_LL_Driver/stm32f4xx_ll_i2c.o
 .debug_macro   0x0000000000000000       0xdf Drivers/STM32F4xx_LL_Driver/stm32f4xx_ll_i2c.o
 .debug_macro   0x0000000000000000     0x102d Drivers/STM32F4xx_LL_Driver/stm32f4xx_ll_i2c.o
 .debug_macro   0x0000000000000000      0x11f Drivers/STM32F4xx_LL_Driver/stm32f4xx_ll_i2c.o
 .debug_macro   0x0000000000000000     0xb953 Drivers/STM32F4xx_LL_Driver/stm32f4xx_ll_i2c.o
 .debug_macro   0x0000000000000000       0x6d Drivers/STM32F4xx_LL_Driver/stm32f4xx_ll_i2c.o
 .group         0x0000000000000000        0xc Drivers/STM32F4xx_LL_Driver/stm32f4xx_ll_rcc.o
 .group         0x0000000000000000        0xc Drivers/STM32F4xx_LL_Driver/stm32f4xx_ll_rcc.o
 .group         0x0000000000000000        0xc Drivers/STM32F4xx_LL_Driver/stm32f4xx_ll_rcc.o
 .group         0x0000000000000000        0xc Drivers/STM32F4xx_LL_Driver/stm32f4xx_ll_rcc.o
 .group         0x0000000000000000        0xc Drivers/STM32F4xx_LL_Driver/stm32f4xx_ll_rcc.o
 .group         0x0000000000000000        0xc Drivers/STM32F4xx_LL_Driver/stm32f4xx_ll_rcc.o
 .group         0x0000000000000000        0xc Drivers/STM32F4xx_LL_Driver/stm32f4xx_ll_rcc.o
 .group         0x0000000000000000        0xc Drivers/STM32F4xx_LL_Driver/stm32f4xx_ll_rcc.o
 .group         0x0000000000000000        0xc Drivers/STM32F4xx_LL_Driver/stm32f4xx_ll_rcc.o
 .group         0x0000000000000000        0xc Drivers/STM32F4xx_LL_Driver/stm32f4xx_ll_rcc.o
 .group         0x0000000000000000        0xc Drivers/STM32F4xx_LL_Driver/stm32f4xx_ll_rcc.o
 .group         0x0000000000000000        0xc Drivers/STM32F4xx_LL_Driver/stm32f4xx_ll_rcc.o
 .group         0x0000000000000000        0xc Drivers/STM32F4xx_LL_Driver/stm32f4xx_ll_rcc.o
 .group         0x0000000000000000        0xc Drivers/STM32F4xx_LL_Driver/stm32f4xx_ll_rcc.o
 .group         0x0000000000000000        0xc Drivers/STM32F4xx_LL_Driver/stm32f4xx_ll_rcc.o
 .group         0x0000000000000000        0xc Drivers/STM32F4xx_LL_Driver/stm32f4xx_ll_rcc.o
 .group         0x0000000000000000        0xc Drivers/STM32F4xx_LL_Driver/stm32f4xx_ll_rcc.o
 .text          0x0000000000000000        0x0 Drivers/STM32F4xx_LL_Driver/stm32f4xx_ll_rcc.o
 .data          0x0000000000000000        0x0 Drivers/STM32F4xx_LL_Driver/stm32f4xx_ll_rcc.o
 .bss           0x0000000000000000        0x0 Drivers/STM32F4xx_LL_Driver/stm32f4xx_ll_rcc.o
 .text.LL_RCC_DeInit
                0x0000000000000000       0x90 Drivers/STM32F4xx_LL_Driver/stm32f4xx_ll_rcc.o
 .text.RCC_PLL_GetFreqDomain_48M
                0x0000000000000000       0x3c Drivers/STM32F4xx_LL_Driver/stm32f4xx_ll_rcc.o
 .text.LL_RCC_GetSDIOClockFreq
                0x0000000000000000       0x1c Drivers/STM32F4xx_LL_Driver/stm32f4xx_ll_rcc.o
 .text.LL_RCC_GetUSBClockFreq
                0x0000000000000000       0x14 Drivers/STM32F4xx_LL_Driver/stm32f4xx_ll_rcc.o
 .text.RCC_PLLI2S_GetFreqDomain_I2S
                0x0000000000000000       0x40 Drivers/STM32F4xx_LL_Driver/stm32f4xx_ll_rcc.o
 .text.LL_RCC_GetI2SClockFreq
                0x0000000000000000       0x2c Drivers/STM32F4xx_LL_Driver/stm32f4xx_ll_rcc.o
 .debug_macro   0x0000000000000000      0xaae Drivers/STM32F4xx_LL_Driver/stm32f4xx_ll_rcc.o
 .debug_macro   0x0000000000000000       0x2e Drivers/STM32F4xx_LL_Driver/stm32f4xx_ll_rcc.o
 .debug_macro   0x0000000000000000       0x28 Drivers/STM32F4xx_LL_Driver/stm32f4xx_ll_rcc.o
 .debug_macro   0x0000000000000000       0x22 Drivers/STM32F4xx_LL_Driver/stm32f4xx_ll_rcc.o
 .debug_macro   0x0000000000000000       0x8e Drivers/STM32F4xx_LL_Driver/stm32f4xx_ll_rcc.o
 .debug_macro   0x0000000000000000       0x51 Drivers/STM32F4xx_LL_Driver/stm32f4xx_ll_rcc.o
 .debug_macro   0x0000000000000000      0x103 Drivers/STM32F4xx_LL_Driver/stm32f4xx_ll_rcc.o
 .debug_macro   0x0000000000000000       0x6a Drivers/STM32F4xx_LL_Driver/stm32f4xx_ll_rcc.o
 .debug_macro   0x0000000000000000      0x1df Drivers/STM32F4xx_LL_Driver/stm32f4xx_ll_rcc.o
 .debug_macro   0x0000000000000000       0x1c Drivers/STM32F4xx_LL_Driver/stm32f4xx_ll_rcc.o
 .debug_macro   0x0000000000000000       0x22 Drivers/STM32F4xx_LL_Driver/stm32f4xx_ll_rcc.o
 .debug_macro   0x0000000000000000       0xdf Drivers/STM32F4xx_LL_Driver/stm32f4xx_ll_rcc.o
 .debug_macro   0x0000000000000000     0x102d Drivers/STM32F4xx_LL_Driver/stm32f4xx_ll_rcc.o
 .debug_macro   0x0000000000000000      0x11f Drivers/STM32F4xx_LL_Driver/stm32f4xx_ll_rcc.o
 .debug_macro   0x0000000000000000     0xb953 Drivers/STM32F4xx_LL_Driver/stm32f4xx_ll_rcc.o
 .debug_macro   0x0000000000000000       0x6d Drivers/STM32F4xx_LL_Driver/stm32f4xx_ll_rcc.o
 .group         0x0000000000000000        0xc Drivers/STM32F4xx_LL_Driver/stm32f4xx_ll_utils.o
 .group         0x0000000000000000        0xc Drivers/STM32F4xx_LL_Driver/stm32f4xx_ll_utils.o
 .group         0x0000000000000000        0xc Drivers/STM32F4xx_LL_Driver/stm32f4xx_ll_utils.o
 .group         0x0000000000000000        0xc Drivers/STM32F4xx_LL_Driver/stm32f4xx_ll_utils.o
 .group         0x0000000000000000        0xc Drivers/STM32F4xx_LL_Driver/stm32f4xx_ll_utils.o
 .group         0x0000000000000000        0xc Drivers/STM32F4xx_LL_Driver/stm32f4xx_ll_utils.o
 .group         0x0000000000000000        0xc Drivers/STM32F4xx_LL_Driver/stm32f4xx_ll_utils.o
 .group         0x0000000000000000        0xc Drivers/STM32F4xx_LL_Driver/stm32f4xx_ll_utils.o
 .group         0x0000000000000000        0xc Drivers/STM32F4xx_LL_Driver/stm32f4xx_ll_utils.o
 .group         0x0000000000000000        0xc Drivers/STM32F4xx_LL_Driver/stm32f4xx_ll_utils.o
 .group         0x0000000000000000        0xc Drivers/STM32F4xx_LL_Driver/stm32f4xx_ll_utils.o
 .group         0x0000000000000000        0xc Drivers/STM32F4xx_LL_Driver/stm32f4xx_ll_utils.o
 .group         0x0000000000000000        0xc Drivers/STM32F4xx_LL_Driver/stm32f4xx_ll_utils.o
 .group         0x0000000000000000        0xc Drivers/STM32F4xx_LL_Driver/stm32f4xx_ll_utils.o
 .group         0x0000000000000000        0xc Drivers/STM32F4xx_LL_Driver/stm32f4xx_ll_utils.o
 .group         0x0000000000000000        0xc Drivers/STM32F4xx_LL_Driver/stm32f4xx_ll_utils.o
 .group         0x0000000000000000        0xc Drivers/STM32F4xx_LL_Driver/stm32f4xx_ll_utils.o
 .group         0x0000000000000000        0xc Drivers/STM32F4xx_LL_Driver/stm32f4xx_ll_utils.o
 .group         0x0000000000000000        0xc Drivers/STM32F4xx_LL_Driver/stm32f4xx_ll_utils.o
 .group         0x0000000000000000        0xc Drivers/STM32F4xx_LL_Driver/stm32f4xx_ll_utils.o
 .text          0x0000000000000000        0x0 Drivers/STM32F4xx_LL_Driver/stm32f4xx_ll_utils.o
 .data          0x0000000000000000        0x0 Drivers/STM32F4xx_LL_Driver/stm32f4xx_ll_utils.o
 .bss           0x0000000000000000        0x0 Drivers/STM32F4xx_LL_Driver/stm32f4xx_ll_utils.o
 .text.UTILS_PLL_IsBusy
                0x0000000000000000       0x1c Drivers/STM32F4xx_LL_Driver/stm32f4xx_ll_utils.o
 .text.LL_Init1msTick
                0x0000000000000000       0x1c Drivers/STM32F4xx_LL_Driver/stm32f4xx_ll_utils.o
 .text.LL_SetSystemCoreClock
                0x0000000000000000        0xc Drivers/STM32F4xx_LL_Driver/stm32f4xx_ll_utils.o
 .text.LL_SetFlashLatency
                0x0000000000000000       0xc4 Drivers/STM32F4xx_LL_Driver/stm32f4xx_ll_utils.o
 .text.UTILS_EnablePLLAndSwitchSystem
                0x0000000000000000       0x94 Drivers/STM32F4xx_LL_Driver/stm32f4xx_ll_utils.o
 .text.LL_PLL_ConfigSystemClock_HSI
                0x0000000000000000       0x74 Drivers/STM32F4xx_LL_Driver/stm32f4xx_ll_utils.o
 .text.LL_PLL_ConfigSystemClock_HSE
                0x0000000000000000       0x94 Drivers/STM32F4xx_LL_Driver/stm32f4xx_ll_utils.o
 .debug_macro   0x0000000000000000      0xaae Drivers/STM32F4xx_LL_Driver/stm32f4xx_ll_utils.o
 .debug_macro   0x0000000000000000       0x2e Drivers/STM32F4xx_LL_Driver/stm32f4xx_ll_utils.o
 .debug_macro   0x0000000000000000       0x28 Drivers/STM32F4xx_LL_Driver/stm32f4xx_ll_utils.o
 .debug_macro   0x0000000000000000       0x22 Drivers/STM32F4xx_LL_Driver/stm32f4xx_ll_utils.o
 .debug_macro   0x0000000000000000       0x8e Drivers/STM32F4xx_LL_Driver/stm32f4xx_ll_utils.o
 .debug_macro   0x0000000000000000       0x51 Drivers/STM32F4xx_LL_Driver/stm32f4xx_ll_utils.o
 .debug_macro   0x0000000000000000      0x103 Drivers/STM32F4xx_LL_Driver/stm32f4xx_ll_utils.o
 .debug_macro   0x0000000000000000       0x6a Drivers/STM32F4xx_LL_Driver/stm32f4xx_ll_utils.o
 .debug_macro   0x0000000000000000      0x1df Drivers/STM32F4xx_LL_Driver/stm32f4xx_ll_utils.o
 .debug_macro   0x0000000000000000       0x1c Drivers/STM32F4xx_LL_Driver/stm32f4xx_ll_utils.o
 .debug_macro   0x0000000000000000       0x22 Drivers/STM32F4xx_LL_Driver/stm32f4xx_ll_utils.o
 .debug_macro   0x0000000000000000       0xdf Drivers/STM32F4xx_LL_Driver/stm32f4xx_ll_utils.o
 .debug_macro   0x0000000000000000     0x102d Drivers/STM32F4xx_LL_Driver/stm32f4xx_ll_utils.o
 .debug_macro   0x0000000000000000      0x11f Drivers/STM32F4xx_LL_Driver/stm32f4xx_ll_utils.o
 .debug_macro   0x0000000000000000     0xb953 Drivers/STM32F4xx_LL_Driver/stm32f4xx_ll_utils.o
 .debug_macro   0x0000000000000000       0x6d Drivers/STM32F4xx_LL_Driver/stm32f4xx_ll_utils.o
 .debug_macro   0x0000000000000000      0x7a0 Drivers/STM32F4xx_LL_Driver/stm32f4xx_ll_utils.o
 .text          0x0000000000000000       0x14 Example/SW4STM32/startup_stm32f411xe.o
 .data          0x0000000000000000        0x0 Example/SW4STM32/startup_stm32f411xe.o
 .bss           0x0000000000000000        0x0 Example/SW4STM32/startup_stm32f411xe.o
 .group         0x0000000000000000        0xc Example/User/main.o
 .group         0x0000000000000000        0xc Example/User/main.o
 .group         0x0000000000000000        0xc Example/User/main.o
 .group         0x0000000000000000        0xc Example/User/main.o
 .group         0x0000000000000000        0xc Example/User/main.o
 .group         0x0000000000000000        0xc Example/User/main.o
 .group         0x0000000000000000        0xc Example/User/main.o
 .group         0x0000000000000000        0xc Example/User/main.o
 .group         0x0000000000000000        0xc Example/User/main.o
 .group         0x0000000000000000        0xc Example/User/main.o
 .group         0x0000000000000000        0xc Example/User/main.o
 .group         0x0000000000000000        0xc Example/User/main.o
 .group         0x0000000000000000        0xc Example/User/main.o
 .group         0x0000000000000000        0xc Example/User/main.o
 .group         0x0000000000000000        0xc Example/User/main.o
 .group         0x0000000000000000        0xc Example/User/main.o
 .group         0x0000000000000000        0xc Example/User/main.o
 .group         0x0000000000000000        0xc Example/User/main.o
 .group         0x0000000000000000        0xc Example/User/main.o
 .group         0x0000000000000000        0xc Example/User/main.o
 .group         0x0000000000000000        0xc Example/User/main.o
 .group         0x0000000000000000        0xc Example/User/main.o
 .group         0x0000000000000000        0xc Example/User/main.o
 .group         0x0000000000000000        0xc Example/User/main.o
 .group         0x0000000000000000        0xc Example/User/main.o
 .text          0x0000000000000000        0x0 Example/User/main.o
 .text.LED_On   0x0000000000000000        0xc Example/User/main.o
 .text.LED_Off  0x0000000000000000       0x10 Example/User/main.o
 .debug_macro   0x0000000000000000      0xaae Example/User/main.o
 .debug_macro   0x0000000000000000       0x2e Example/User/main.o
 .debug_macro   0x0000000000000000       0x28 Example/User/main.o
 .debug_macro   0x0000000000000000       0x22 Example/User/main.o
 .debug_macro   0x0000000000000000       0x8e Example/User/main.o
 .debug_macro   0x0000000000000000       0x51 Example/User/main.o
 .debug_macro   0x0000000000000000      0x103 Example/User/main.o
 .debug_macro   0x0000000000000000       0x6a Example/User/main.o
 .debug_macro   0x0000000000000000      0x1df Example/User/main.o
 .debug_macro   0x0000000000000000       0x1c Example/User/main.o
 .debug_macro   0x0000000000000000       0x22 Example/User/main.o
 .debug_macro   0x0000000000000000       0xdf Example/User/main.o
 .debug_macro   0x0000000000000000     0x102d Example/User/main.o
 .debug_macro   0x0000000000000000      0x11f Example/User/main.o
 .debug_macro   0x0000000000000000     0xb953 Example/User/main.o
 .debug_macro   0x0000000000000000       0x6d Example/User/main.o
 .debug_macro   0x0000000000000000      0x7a0 Example/User/main.o
 .debug_macro   0x0000000000000000      0x1ab Example/User/main.o
 .debug_macro   0x0000000000000000       0xbc Example/User/main.o
 .group         0x0000000000000000        0xc Example/User/stm32f4xx_it.o
 .group         0x0000000000000000        0xc Example/User/stm32f4xx_it.o
 .group         0x0000000000000000        0xc Example/User/stm32f4xx_it.o
 .group         0x0000000000000000        0xc Example/User/stm32f4xx_it.o
 .group         0x0000000000000000        0xc Example/User/stm32f4xx_it.o
 .group         0x0000000000000000        0xc Example/User/stm32f4xx_it.o
 .group         0x0000000000000000        0xc Example/User/stm32f4xx_it.o
 .group         0x0000000000000000        0xc Example/User/stm32f4xx_it.o
 .group         0x0000000000000000        0xc Example/User/stm32f4xx_it.o
 .group         0x0000000000000000        0xc Example/User/stm32f4xx_it.o
 .group         0x0000000000000000        0xc Example/User/stm32f4xx_it.o
 .group         0x0000000000000000        0xc Example/User/stm32f4xx_it.o
 .group         0x0000000000000000        0xc Example/User/stm32f4xx_it.o
 .group         0x0000000000000000        0xc Example/User/stm32f4xx_it.o
 .group         0x0000000000000000        0xc Example/User/stm32f4xx_it.o
 .group         0x0000000000000000        0xc Example/User/stm32f4xx_it.o
 .group         0x0000000000000000        0xc Example/User/stm32f4xx_it.o
 .group         0x0000000000000000        0xc Example/User/stm32f4xx_it.o
 .group         0x0000000000000000        0xc Example/User/stm32f4xx_it.o
 .group         0x0000000000000000        0xc Example/User/stm32f4xx_it.o
 .group         0x0000000000000000        0xc Example/User/stm32f4xx_it.o
 .group         0x0000000000000000        0xc Example/User/stm32f4xx_it.o
 .group         0x0000000000000000        0xc Example/User/stm32f4xx_it.o
 .group         0x0000000000000000        0xc Example/User/stm32f4xx_it.o
 .group         0x0000000000000000        0xc Example/User/stm32f4xx_it.o
 .text          0x0000000000000000        0x0 Example/User/stm32f4xx_it.o
 .data          0x0000000000000000        0x0 Example/User/stm32f4xx_it.o
 .bss           0x0000000000000000        0x0 Example/User/stm32f4xx_it.o
 .debug_macro   0x0000000000000000      0xaae Example/User/stm32f4xx_it.o
 .debug_macro   0x0000000000000000       0x2e Example/User/stm32f4xx_it.o
 .debug_macro   0x0000000000000000       0x28 Example/User/stm32f4xx_it.o
 .debug_macro   0x0000000000000000       0x22 Example/User/stm32f4xx_it.o
 .debug_macro   0x0000000000000000       0x8e Example/User/stm32f4xx_it.o
 .debug_macro   0x0000000000000000       0x51 Example/User/stm32f4xx_it.o
 .debug_macro   0x0000000000000000      0x103 Example/User/stm32f4xx_it.o
 .debug_macro   0x0000000000000000       0x6a Example/User/stm32f4xx_it.o
 .debug_macro   0x0000000000000000      0x1df Example/User/stm32f4xx_it.o
 .debug_macro   0x0000000000000000       0x1c Example/User/stm32f4xx_it.o
 .debug_macro   0x0000000000000000       0x22 Example/User/stm32f4xx_it.o
 .debug_macro   0x0000000000000000       0xdf Example/User/stm32f4xx_it.o
 .debug_macro   0x0000000000000000     0x102d Example/User/stm32f4xx_it.o
 .debug_macro   0x0000000000000000      0x11f Example/User/stm32f4xx_it.o
 .debug_macro   0x0000000000000000     0xb953 Example/User/stm32f4xx_it.o
 .debug_macro   0x0000000000000000       0x6d Example/User/stm32f4xx_it.o
 .debug_macro   0x0000000000000000      0x117 Example/User/stm32f4xx_it.o
 .debug_macro   0x0000000000000000      0x7a0 Example/User/stm32f4xx_it.o
 .debug_macro   0x0000000000000000      0x1ab Example/User/stm32f4xx_it.o
 .debug_macro   0x0000000000000000       0x61 Example/User/stm32f4xx_it.o
 .debug_macro   0x0000000000000000      0x149 Example/User/stm32f4xx_it.o
 .debug_macro   0x0000000000000000       0xe8 Example/User/stm32f4xx_it.o
 .debug_macro   0x0000000000000000      0x17b Example/User/stm32f4xx_it.o
 .debug_macro   0x0000000000000000       0xbc Example/User/stm32f4xx_it.o
 .debug_macro   0x0000000000000000       0x7c Example/User/stm32f4xx_it.o
 .text          0x0000000000000000        0x0 c:/st/stm32cubeide_1.6.1/stm32cubeide/plugins/com.st.stm32cube.ide.mcu.externaltools.gnu-tools-for-stm32.9-2020-q2-update.win32_1.5.0.202011040924/tools/bin/../lib/gcc/arm-none-eabi/9.3.1/../../../../arm-none-eabi/lib/thumb/v7e-m+fp/hard\libc_nano.a(lib_a-exit.o)
 .data          0x0000000000000000        0x0 c:/st/stm32cubeide_1.6.1/stm32cubeide/plugins/com.st.stm32cube.ide.mcu.externaltools.gnu-tools-for-stm32.9-2020-q2-update.win32_1.5.0.202011040924/tools/bin/../lib/gcc/arm-none-eabi/9.3.1/../../../../arm-none-eabi/lib/thumb/v7e-m+fp/hard\libc_nano.a(lib_a-exit.o)
 .bss           0x0000000000000000        0x0 c:/st/stm32cubeide_1.6.1/stm32cubeide/plugins/com.st.stm32cube.ide.mcu.externaltools.gnu-tools-for-stm32.9-2020-q2-update.win32_1.5.0.202011040924/tools/bin/../lib/gcc/arm-none-eabi/9.3.1/../../../../arm-none-eabi/lib/thumb/v7e-m+fp/hard\libc_nano.a(lib_a-exit.o)
 .text.exit     0x0000000000000000       0x28 c:/st/stm32cubeide_1.6.1/stm32cubeide/plugins/com.st.stm32cube.ide.mcu.externaltools.gnu-tools-for-stm32.9-2020-q2-update.win32_1.5.0.202011040924/tools/bin/../lib/gcc/arm-none-eabi/9.3.1/../../../../arm-none-eabi/lib/thumb/v7e-m+fp/hard\libc_nano.a(lib_a-exit.o)
 .debug_frame   0x0000000000000000       0x28 c:/st/stm32cubeide_1.6.1/stm32cubeide/plugins/com.st.stm32cube.ide.mcu.externaltools.gnu-tools-for-stm32.9-2020-q2-update.win32_1.5.0.202011040924/tools/bin/../lib/gcc/arm-none-eabi/9.3.1/../../../../arm-none-eabi/lib/thumb/v7e-m+fp/hard\libc_nano.a(lib_a-exit.o)
 .ARM.attributes
                0x0000000000000000       0x34 c:/st/stm32cubeide_1.6.1/stm32cubeide/plugins/com.st.stm32cube.ide.mcu.externaltools.gnu-tools-for-stm32.9-2020-q2-update.win32_1.5.0.202011040924/tools/bin/../lib/gcc/arm-none-eabi/9.3.1/../../../../arm-none-eabi/lib/thumb/v7e-m+fp/hard\libc_nano.a(lib_a-exit.o)
 .text          0x0000000000000000        0x0 c:/st/stm32cubeide_1.6.1/stm32cubeide/plugins/com.st.stm32cube.ide.mcu.externaltools.gnu-tools-for-stm32.9-2020-q2-update.win32_1.5.0.202011040924/tools/bin/../lib/gcc/arm-none-eabi/9.3.1/../../../../arm-none-eabi/lib/thumb/v7e-m+fp/hard\libc_nano.a(lib_a-impure.o)
 .data          0x0000000000000000        0x0 c:/st/stm32cubeide_1.6.1/stm32cubeide/plugins/com.st.stm32cube.ide.mcu.externaltools.gnu-tools-for-stm32.9-2020-q2-update.win32_1.5.0.202011040924/tools/bin/../lib/gcc/arm-none-eabi/9.3.1/../../../../arm-none-eabi/lib/thumb/v7e-m+fp/hard\libc_nano.a(lib_a-impure.o)
 .bss           0x0000000000000000        0x0 c:/st/stm32cubeide_1.6.1/stm32cubeide/plugins/com.st.stm32cube.ide.mcu.externaltools.gnu-tools-for-stm32.9-2020-q2-update.win32_1.5.0.202011040924/tools/bin/../lib/gcc/arm-none-eabi/9.3.1/../../../../arm-none-eabi/lib/thumb/v7e-m+fp/hard\libc_nano.a(lib_a-impure.o)
 .data._impure_ptr
                0x0000000000000000        0x4 c:/st/stm32cubeide_1.6.1/stm32cubeide/plugins/com.st.stm32cube.ide.mcu.externaltools.gnu-tools-for-stm32.9-2020-q2-update.win32_1.5.0.202011040924/tools/bin/../lib/gcc/arm-none-eabi/9.3.1/../../../../arm-none-eabi/lib/thumb/v7e-m+fp/hard\libc_nano.a(lib_a-impure.o)
 .data.impure_data
                0x0000000000000000       0x60 c:/st/stm32cubeide_1.6.1/stm32cubeide/plugins/com.st.stm32cube.ide.mcu.externaltools.gnu-tools-for-stm32.9-2020-q2-update.win32_1.5.0.202011040924/tools/bin/../lib/gcc/arm-none-eabi/9.3.1/../../../../arm-none-eabi/lib/thumb/v7e-m+fp/hard\libc_nano.a(lib_a-impure.o)
 .rodata._global_impure_ptr
                0x0000000000000000        0x4 c:/st/stm32cubeide_1.6.1/stm32cubeide/plugins/com.st.stm32cube.ide.mcu.externaltools.gnu-tools-for-stm32.9-2020-q2-update.win32_1.5.0.202011040924/tools/bin/../lib/gcc/arm-none-eabi/9.3.1/../../../../arm-none-eabi/lib/thumb/v7e-m+fp/hard\libc_nano.a(lib_a-impure.o)
 .ARM.attributes
                0x0000000000000000       0x32 c:/st/stm32cubeide_1.6.1/stm32cubeide/plugins/com.st.stm32cube.ide.mcu.externaltools.gnu-tools-for-stm32.9-2020-q2-update.win32_1.5.0.202011040924/tools/bin/../lib/gcc/arm-none-eabi/9.3.1/../../../../arm-none-eabi/lib/thumb/v7e-m+fp/hard\libc_nano.a(lib_a-impure.o)
 .text          0x0000000000000000        0x0 c:/st/stm32cubeide_1.6.1/stm32cubeide/plugins/com.st.stm32cube.ide.mcu.externaltools.gnu-tools-for-stm32.9-2020-q2-update.win32_1.5.0.202011040924/tools/bin/../lib/gcc/arm-none-eabi/9.3.1/../../../../arm-none-eabi/lib/thumb/v7e-m+fp/hard\libc_nano.a(lib_a-init.o)
 .data          0x0000000000000000        0x0 c:/st/stm32cubeide_1.6.1/stm32cubeide/plugins/com.st.stm32cube.ide.mcu.externaltools.gnu-tools-for-stm32.9-2020-q2-update.win32_1.5.0.202011040924/tools/bin/../lib/gcc/arm-none-eabi/9.3.1/../../../../arm-none-eabi/lib/thumb/v7e-m+fp/hard\libc_nano.a(lib_a-init.o)
 .bss           0x0000000000000000        0x0 c:/st/stm32cubeide_1.6.1/stm32cubeide/plugins/com.st.stm32cube.ide.mcu.externaltools.gnu-tools-for-stm32.9-2020-q2-update.win32_1.5.0.202011040924/tools/bin/../lib/gcc/arm-none-eabi/9.3.1/../../../../arm-none-eabi/lib/thumb/v7e-m+fp/hard\libc_nano.a(lib_a-init.o)
 .text          0x0000000000000000        0x0 c:/st/stm32cubeide_1.6.1/stm32cubeide/plugins/com.st.stm32cube.ide.mcu.externaltools.gnu-tools-for-stm32.9-2020-q2-update.win32_1.5.0.202011040924/tools/bin/../lib/gcc/arm-none-eabi/9.3.1/../../../../arm-none-eabi/lib/thumb/v7e-m+fp/hard\libc_nano.a(lib_a-memset.o)
 .data          0x0000000000000000        0x0 c:/st/stm32cubeide_1.6.1/stm32cubeide/plugins/com.st.stm32cube.ide.mcu.externaltools.gnu-tools-for-stm32.9-2020-q2-update.win32_1.5.0.202011040924/tools/bin/../lib/gcc/arm-none-eabi/9.3.1/../../../../arm-none-eabi/lib/thumb/v7e-m+fp/hard\libc_nano.a(lib_a-memset.o)
 .bss           0x0000000000000000        0x0 c:/st/stm32cubeide_1.6.1/stm32cubeide/plugins/com.st.stm32cube.ide.mcu.externaltools.gnu-tools-for-stm32.9-2020-q2-update.win32_1.5.0.202011040924/tools/bin/../lib/gcc/arm-none-eabi/9.3.1/../../../../arm-none-eabi/lib/thumb/v7e-m+fp/hard\libc_nano.a(lib_a-memset.o)
 .text.memset   0x0000000000000000       0x10 c:/st/stm32cubeide_1.6.1/stm32cubeide/plugins/com.st.stm32cube.ide.mcu.externaltools.gnu-tools-for-stm32.9-2020-q2-update.win32_1.5.0.202011040924/tools/bin/../lib/gcc/arm-none-eabi/9.3.1/../../../../arm-none-eabi/lib/thumb/v7e-m+fp/hard\libc_nano.a(lib_a-memset.o)
 .debug_frame   0x0000000000000000       0x20 c:/st/stm32cubeide_1.6.1/stm32cubeide/plugins/com.st.stm32cube.ide.mcu.externaltools.gnu-tools-for-stm32.9-2020-q2-update.win32_1.5.0.202011040924/tools/bin/../lib/gcc/arm-none-eabi/9.3.1/../../../../arm-none-eabi/lib/thumb/v7e-m+fp/hard\libc_nano.a(lib_a-memset.o)
 .ARM.attributes
                0x0000000000000000       0x34 c:/st/stm32cubeide_1.6.1/stm32cubeide/plugins/com.st.stm32cube.ide.mcu.externaltools.gnu-tools-for-stm32.9-2020-q2-update.win32_1.5.0.202011040924/tools/bin/../lib/gcc/arm-none-eabi/9.3.1/../../../../arm-none-eabi/lib/thumb/v7e-m+fp/hard\libc_nano.a(lib_a-memset.o)
 .text          0x0000000000000000        0x0 c:/st/stm32cubeide_1.6.1/stm32cubeide/plugins/com.st.stm32cube.ide.mcu.externaltools.gnu-tools-for-stm32.9-2020-q2-update.win32_1.5.0.202011040924/tools/bin/../lib/gcc/arm-none-eabi/9.3.1/../../../../arm-none-eabi/lib/thumb/v7e-m+fp/hard\libnosys.a(_exit.o)
 .data          0x0000000000000000        0x0 c:/st/stm32cubeide_1.6.1/stm32cubeide/plugins/com.st.stm32cube.ide.mcu.externaltools.gnu-tools-for-stm32.9-2020-q2-update.win32_1.5.0.202011040924/tools/bin/../lib/gcc/arm-none-eabi/9.3.1/../../../../arm-none-eabi/lib/thumb/v7e-m+fp/hard\libnosys.a(_exit.o)
 .bss           0x0000000000000000        0x0 c:/st/stm32cubeide_1.6.1/stm32cubeide/plugins/com.st.stm32cube.ide.mcu.externaltools.gnu-tools-for-stm32.9-2020-q2-update.win32_1.5.0.202011040924/tools/bin/../lib/gcc/arm-none-eabi/9.3.1/../../../../arm-none-eabi/lib/thumb/v7e-m+fp/hard\libnosys.a(_exit.o)
 .text._exit    0x0000000000000000        0x2 c:/st/stm32cubeide_1.6.1/stm32cubeide/plugins/com.st.stm32cube.ide.mcu.externaltools.gnu-tools-for-stm32.9-2020-q2-update.win32_1.5.0.202011040924/tools/bin/../lib/gcc/arm-none-eabi/9.3.1/../../../../arm-none-eabi/lib/thumb/v7e-m+fp/hard\libnosys.a(_exit.o)
 .debug_frame   0x0000000000000000       0x20 c:/st/stm32cubeide_1.6.1/stm32cubeide/plugins/com.st.stm32cube.ide.mcu.externaltools.gnu-tools-for-stm32.9-2020-q2-update.win32_1.5.0.202011040924/tools/bin/../lib/gcc/arm-none-eabi/9.3.1/../../../../arm-none-eabi/lib/thumb/v7e-m+fp/hard\libnosys.a(_exit.o)
 .ARM.attributes
                0x0000000000000000       0x34 c:/st/stm32cubeide_1.6.1/stm32cubeide/plugins/com.st.stm32cube.ide.mcu.externaltools.gnu-tools-for-stm32.9-2020-q2-update.win32_1.5.0.202011040924/tools/bin/../lib/gcc/arm-none-eabi/9.3.1/../../../../arm-none-eabi/lib/thumb/v7e-m+fp/hard\libnosys.a(_exit.o)
 .text          0x0000000000000000        0x0 c:/st/stm32cubeide_1.6.1/stm32cubeide/plugins/com.st.stm32cube.ide.mcu.externaltools.gnu-tools-for-stm32.9-2020-q2-update.win32_1.5.0.202011040924/tools/bin/../lib/gcc/arm-none-eabi/9.3.1/thumb/v7e-m+fp/hard/crtend.o
 .data          0x0000000000000000        0x0 c:/st/stm32cubeide_1.6.1/stm32cubeide/plugins/com.st.stm32cube.ide.mcu.externaltools.gnu-tools-for-stm32.9-2020-q2-update.win32_1.5.0.202011040924/tools/bin/../lib/gcc/arm-none-eabi/9.3.1/thumb/v7e-m+fp/hard/crtend.o
 .bss           0x0000000000000000        0x0 c:/st/stm32cubeide_1.6.1/stm32cubeide/plugins/com.st.stm32cube.ide.mcu.externaltools.gnu-tools-for-stm32.9-2020-q2-update.win32_1.5.0.202011040924/tools/bin/../lib/gcc/arm-none-eabi/9.3.1/thumb/v7e-m+fp/hard/crtend.o
 .eh_frame      0x0000000000000000        0x4 c:/st/stm32cubeide_1.6.1/stm32cubeide/plugins/com.st.stm32cube.ide.mcu.externaltools.gnu-tools-for-stm32.9-2020-q2-update.win32_1.5.0.202011040924/tools/bin/../lib/gcc/arm-none-eabi/9.3.1/thumb/v7e-m+fp/hard/crtend.o
 .ARM.attributes
                0x0000000000000000       0x32 c:/st/stm32cubeide_1.6.1/stm32cubeide/plugins/com.st.stm32cube.ide.mcu.externaltools.gnu-tools-for-stm32.9-2020-q2-update.win32_1.5.0.202011040924/tools/bin/../lib/gcc/arm-none-eabi/9.3.1/thumb/v7e-m+fp/hard/crtend.o
 .text          0x0000000000000000        0x0 c:/st/stm32cubeide_1.6.1/stm32cubeide/plugins/com.st.stm32cube.ide.mcu.externaltools.gnu-tools-for-stm32.9-2020-q2-update.win32_1.5.0.202011040924/tools/bin/../lib/gcc/arm-none-eabi/9.3.1/thumb/v7e-m+fp/hard/crtn.o
 .data          0x0000000000000000        0x0 c:/st/stm32cubeide_1.6.1/stm32cubeide/plugins/com.st.stm32cube.ide.mcu.externaltools.gnu-tools-for-stm32.9-2020-q2-update.win32_1.5.0.202011040924/tools/bin/../lib/gcc/arm-none-eabi/9.3.1/thumb/v7e-m+fp/hard/crtn.o
 .bss           0x0000000000000000        0x0 c:/st/stm32cubeide_1.6.1/stm32cubeide/plugins/com.st.stm32cube.ide.mcu.externaltools.gnu-tools-for-stm32.9-2020-q2-update.win32_1.5.0.202011040924/tools/bin/../lib/gcc/arm-none-eabi/9.3.1/thumb/v7e-m+fp/hard/crtn.o

Memory Configuration

Name             Origin             Length             Attributes
RAM              0x0000000020000000 0x0000000000020000 xrw
FLASH            0x0000000008000000 0x0000000000080000 xr
*default*        0x0000000000000000 0xffffffffffffffff

Linker script and memory map

LOAD c:/st/stm32cubeide_1.6.1/stm32cubeide/plugins/com.st.stm32cube.ide.mcu.externaltools.gnu-tools-for-stm32.9-2020-q2-update.win32_1.5.0.202011040924/tools/bin/../lib/gcc/arm-none-eabi/9.3.1/thumb/v7e-m+fp/hard/crti.o
LOAD c:/st/stm32cubeide_1.6.1/stm32cubeide/plugins/com.st.stm32cube.ide.mcu.externaltools.gnu-tools-for-stm32.9-2020-q2-update.win32_1.5.0.202011040924/tools/bin/../lib/gcc/arm-none-eabi/9.3.1/thumb/v7e-m+fp/hard/crtbegin.o
LOAD c:/st/stm32cubeide_1.6.1/stm32cubeide/plugins/com.st.stm32cube.ide.mcu.externaltools.gnu-tools-for-stm32.9-2020-q2-update.win32_1.5.0.202011040924/tools/bin/../lib/gcc/arm-none-eabi/9.3.1/../../../../arm-none-eabi/lib/thumb/v7e-m+fp/hard/crt0.o
LOAD Drivers/CMSIS/system_stm32f4xx.o
LOAD Drivers/STM32F4xx_LL_Driver/stm32f4xx_ll_i2c.o
LOAD Drivers/STM32F4xx_LL_Driver/stm32f4xx_ll_rcc.o
LOAD Drivers/STM32F4xx_LL_Driver/stm32f4xx_ll_utils.o
LOAD Example/SW4STM32/startup_stm32f411xe.o
LOAD Example/User/main.o
LOAD Example/User/stm32f4xx_it.o
START GROUP
LOAD c:/st/stm32cubeide_1.6.1/stm32cubeide/plugins/com.st.stm32cube.ide.mcu.externaltools.gnu-tools-for-stm32.9-2020-q2-update.win32_1.5.0.202011040924/tools/bin/../lib/gcc/arm-none-eabi/9.3.1/../../../../arm-none-eabi/lib/thumb/v7e-m+fp/hard\libc_nano.a
LOAD c:/st/stm32cubeide_1.6.1/stm32cubeide/plugins/com.st.stm32cube.ide.mcu.externaltools.gnu-tools-for-stm32.9-2020-q2-update.win32_1.5.0.202011040924/tools/bin/../lib/gcc/arm-none-eabi/9.3.1/../../../../arm-none-eabi/lib/thumb/v7e-m+fp/hard\libm.a
END GROUP
START GROUP
LOAD c:/st/stm32cubeide_1.6.1/stm32cubeide/plugins/com.st.stm32cube.ide.mcu.externaltools.gnu-tools-for-stm32.9-2020-q2-update.win32_1.5.0.202011040924/tools/bin/../lib/gcc/arm-none-eabi/9.3.1/thumb/v7e-m+fp/hard\libgcc.a
LOAD c:/st/stm32cubeide_1.6.1/stm32cubeide/plugins/com.st.stm32cube.ide.mcu.externaltools.gnu-tools-for-stm32.9-2020-q2-update.win32_1.5.0.202011040924/tools/bin/../lib/gcc/arm-none-eabi/9.3.1/../../../../arm-none-eabi/lib/thumb/v7e-m+fp/hard\libc_nano.a
END GROUP
START GROUP
LOAD c:/st/stm32cubeide_1.6.1/stm32cubeide/plugins/com.st.stm32cube.ide.mcu.externaltools.gnu-tools-for-stm32.9-2020-q2-update.win32_1.5.0.202011040924/tools/bin/../lib/gcc/arm-none-eabi/9.3.1/thumb/v7e-m+fp/hard\libgcc.a
LOAD c:/st/stm32cubeide_1.6.1/stm32cubeide/plugins/com.st.stm32cube.ide.mcu.externaltools.gnu-tools-for-stm32.9-2020-q2-update.win32_1.5.0.202011040924/tools/bin/../lib/gcc/arm-none-eabi/9.3.1/../../../../arm-none-eabi/lib/thumb/v7e-m+fp/hard\libc_nano.a
LOAD c:/st/stm32cubeide_1.6.1/stm32cubeide/plugins/com.st.stm32cube.ide.mcu.externaltools.gnu-tools-for-stm32.9-2020-q2-update.win32_1.5.0.202011040924/tools/bin/../lib/gcc/arm-none-eabi/9.3.1/../../../../arm-none-eabi/lib/thumb/v7e-m+fp/hard\libnosys.a
END GROUP
START GROUP
LOAD c:/st/stm32cubeide_1.6.1/stm32cubeide/plugins/com.st.stm32cube.ide.mcu.externaltools.gnu-tools-for-stm32.9-2020-q2-update.win32_1.5.0.202011040924/tools/bin/../lib/gcc/arm-none-eabi/9.3.1/thumb/v7e-m+fp/hard\libgcc.a
LOAD c:/st/stm32cubeide_1.6.1/stm32cubeide/plugins/com.st.stm32cube.ide.mcu.externaltools.gnu-tools-for-stm32.9-2020-q2-update.win32_1.5.0.202011040924/tools/bin/../lib/gcc/arm-none-eabi/9.3.1/../../../../arm-none-eabi/lib/thumb/v7e-m+fp/hard\libc_nano.a
LOAD c:/st/stm32cubeide_1.6.1/stm32cubeide/plugins/com.st.stm32cube.ide.mcu.externaltools.gnu-tools-for-stm32.9-2020-q2-update.win32_1.5.0.202011040924/tools/bin/../lib/gcc/arm-none-eabi/9.3.1/../../../../arm-none-eabi/lib/thumb/v7e-m+fp/hard\libnosys.a
END GROUP
LOAD c:/st/stm32cubeide_1.6.1/stm32cubeide/plugins/com.st.stm32cube.ide.mcu.externaltools.gnu-tools-for-stm32.9-2020-q2-update.win32_1.5.0.202011040924/tools/bin/../lib/gcc/arm-none-eabi/9.3.1/thumb/v7e-m+fp/hard/crtend.o
LOAD c:/st/stm32cubeide_1.6.1/stm32cubeide/plugins/com.st.stm32cube.ide.mcu.externaltools.gnu-tools-for-stm32.9-2020-q2-update.win32_1.5.0.202011040924/tools/bin/../lib/gcc/arm-none-eabi/9.3.1/thumb/v7e-m+fp/hard/crtn.o
                0x0000000020020000                _estack = 0x20020000
                0x0000000000000200                _Min_Heap_Size = 0x200
                0x0000000000000400                _Min_Stack_Size = 0x400

.isr_vector     0x0000000008000000      0x198
                0x0000000008000000                . = ALIGN (0x4)
 *(.isr_vector)
 .isr_vector    0x0000000008000000      0x198 Example/SW4STM32/startup_stm32f411xe.o
                0x0000000008000000                g_pfnVectors
                0x0000000008000198                . = ALIGN (0x4)

.text           0x0000000008000198      0xc08
                0x0000000008000198                . = ALIGN (0x4)
 *(.text)
 .text          0x0000000008000198       0x40 c:/st/stm32cubeide_1.6.1/stm32cubeide/plugins/com.st.stm32cube.ide.mcu.externaltools.gnu-tools-for-stm32.9-2020-q2-update.win32_1.5.0.202011040924/tools/bin/../lib/gcc/arm-none-eabi/9.3.1/thumb/v7e-m+fp/hard/crtbegin.o
 *(.text*)
 .text.SystemInit
                0x00000000080001d8       0x4c Drivers/CMSIS/system_stm32f4xx.o
                0x00000000080001d8                SystemInit
 .text.LL_I2C_DeInit
                0x0000000008000224       0x64 Drivers/STM32F4xx_LL_Driver/stm32f4xx_ll_i2c.o
                0x0000000008000224                LL_I2C_DeInit
 .text.LL_I2C_Init
                0x0000000008000288       0xec Drivers/STM32F4xx_LL_Driver/stm32f4xx_ll_i2c.o
                0x0000000008000288                LL_I2C_Init
 .text.RCC_GetHCLKClockFreq
                0x0000000008000374       0x18 Drivers/STM32F4xx_LL_Driver/stm32f4xx_ll_rcc.o
                0x0000000008000374                RCC_GetHCLKClockFreq
 .text.RCC_GetPCLK1ClockFreq
                0x000000000800038c       0x18 Drivers/STM32F4xx_LL_Driver/stm32f4xx_ll_rcc.o
                0x000000000800038c                RCC_GetPCLK1ClockFreq
 .text.RCC_GetPCLK2ClockFreq
                0x00000000080003a4       0x18 Drivers/STM32F4xx_LL_Driver/stm32f4xx_ll_rcc.o
                0x00000000080003a4                RCC_GetPCLK2ClockFreq
 .text.RCC_PLL_GetFreqDomain_SYS
                0x00000000080003bc       0x48 Drivers/STM32F4xx_LL_Driver/stm32f4xx_ll_rcc.o
                0x00000000080003bc                RCC_PLL_GetFreqDomain_SYS
 .text.RCC_GetSystemClockFreq
                0x0000000008000404       0x28 Drivers/STM32F4xx_LL_Driver/stm32f4xx_ll_rcc.o
                0x0000000008000404                RCC_GetSystemClockFreq
 .text.LL_RCC_GetSystemClocksFreq
                0x000000000800042c       0x20 Drivers/STM32F4xx_LL_Driver/stm32f4xx_ll_rcc.o
                0x000000000800042c                LL_RCC_GetSystemClocksFreq
 .text.LL_mDelay
                0x000000000800044c       0x28 Drivers/STM32F4xx_LL_Driver/stm32f4xx_ll_utils.o
                0x000000000800044c                LL_mDelay
 .text.Reset_Handler
                0x0000000008000474       0x50 Example/SW4STM32/startup_stm32f411xe.o
                0x0000000008000474                Reset_Handler
 .text.Default_Handler
                0x00000000080004c4        0x2 Example/SW4STM32/startup_stm32f411xe.o
                0x00000000080004c4                RTC_Alarm_IRQHandler
                0x00000000080004c4                EXTI2_IRQHandler
                0x00000000080004c4                SPI4_IRQHandler
                0x00000000080004c4                TIM1_CC_IRQHandler
                0x00000000080004c4                DMA2_Stream5_IRQHandler
                0x00000000080004c4                DMA1_Stream5_IRQHandler
                0x00000000080004c4                PVD_IRQHandler
                0x00000000080004c4                SDIO_IRQHandler
                0x00000000080004c4                TAMP_STAMP_IRQHandler
                0x00000000080004c4                EXTI3_IRQHandler
                0x00000000080004c4                TIM1_UP_TIM10_IRQHandler
                0x00000000080004c4                I2C3_ER_IRQHandler
                0x00000000080004c4                EXTI0_IRQHandler
                0x00000000080004c4                DMA1_Stream2_IRQHandler
                0x00000000080004c4                FPU_IRQHandler
                0x00000000080004c4                DMA2_Stream2_IRQHandler
                0x00000000080004c4                SPI1_IRQHandler
                0x00000000080004c4                TIM1_BRK_TIM9_IRQHandler
                0x00000000080004c4                DMA2_Stream3_IRQHandler
                0x00000000080004c4                USART6_IRQHandler
                0x00000000080004c4                DMA2_Stream0_IRQHandler
                0x00000000080004c4                TIM4_IRQHandler
                0x00000000080004c4                DMA1_Stream6_IRQHandler
                0x00000000080004c4                DMA1_Stream1_IRQHandler
                0x00000000080004c4                TIM3_IRQHandler
                0x00000000080004c4                RCC_IRQHandler
                0x00000000080004c4                Default_Handler
                0x00000000080004c4                ADC_IRQHandler
                0x00000000080004c4                DMA1_Stream7_IRQHandler
                0x00000000080004c4                SPI5_IRQHandler
                0x00000000080004c4                TIM5_IRQHandler
                0x00000000080004c4                DMA2_Stream7_IRQHandler
                0x00000000080004c4                I2C3_EV_IRQHandler
                0x00000000080004c4                EXTI9_5_IRQHandler
                0x00000000080004c4                RTC_WKUP_IRQHandler
                0x00000000080004c4                SPI2_IRQHandler
                0x00000000080004c4                DMA1_Stream0_IRQHandler
                0x00000000080004c4                EXTI4_IRQHandler
                0x00000000080004c4                WWDG_IRQHandler
                0x00000000080004c4                TIM2_IRQHandler
                0x00000000080004c4                OTG_FS_WKUP_IRQHandler
                0x00000000080004c4                TIM1_TRG_COM_TIM11_IRQHandler
                0x00000000080004c4                EXTI1_IRQHandler
                0x00000000080004c4                USART2_IRQHandler
                0x00000000080004c4                DMA2_Stream1_IRQHandler
                0x00000000080004c4                FLASH_IRQHandler
                0x00000000080004c4                DMA2_Stream4_IRQHandler
                0x00000000080004c4                USART1_IRQHandler
                0x00000000080004c4                OTG_FS_IRQHandler
                0x00000000080004c4                SPI3_IRQHandler
                0x00000000080004c4                DMA1_Stream4_IRQHandler
                0x00000000080004c4                DMA2_Stream6_IRQHandler
                0x00000000080004c4                DMA1_Stream3_IRQHandler
 *fill*         0x00000000080004c6        0x2 
 .text.LL_AHB1_GRP1_EnableClock
                0x00000000080004c8       0x1c Example/User/main.o
 .text.LL_GPIO_SetPinMode
                0x00000000080004e4       0x2a Example/User/main.o
 .text.LL_GPIO_SetPinPull
                0x000000000800050e       0x2a Example/User/main.o
 .text.LL_GPIO_SetAFPin_0_7.constprop.0
                0x0000000008000538       0x30 Example/User/main.o
 .text.LL_GPIO_SetPinSpeed.constprop.0
                0x0000000008000568       0x34 Example/User/main.o
 .text.Activate_I2C_Slave
                0x000000000800059c       0x20 Example/User/main.o
                0x000000000800059c                Activate_I2C_Slave
 .text.Activate_I2C_Master
                0x00000000080005bc       0x20 Example/User/main.o
                0x00000000080005bc                Activate_I2C_Master
 .text.LED_Init
                0x00000000080005dc       0x1c Example/User/main.o
                0x00000000080005dc                LED_Init
 .text.LED_Blinking
                0x00000000080005f8       0x28 Example/User/main.o
                0x00000000080005f8                LED_Blinking
 .text.Configure_I2C_Slave
                0x0000000008000620       0xe0 Example/User/main.o
                0x0000000008000620                Configure_I2C_Slave
 .text.Configure_I2C_Master
                0x0000000008000700      0x100 Example/User/main.o
                0x0000000008000700                Configure_I2C_Master
 .text.UserButton_Init
                0x0000000008000800       0x88 Example/User/main.o
                0x0000000008000800                UserButton_Init
 .text.WaitForUserButtonPress
                0x0000000008000888       0x34 Example/User/main.o
                0x0000000008000888                WaitForUserButtonPress
 .text.Handle_I2C_Slave
                0x00000000080008bc       0x10 Example/User/main.o
                0x00000000080008bc                Handle_I2C_Slave
 .text.Handle_I2C_Master
                0x00000000080008cc       0x18 Example/User/main.o
                0x00000000080008cc                Handle_I2C_Master
 .text.SystemClock_Config
                0x00000000080008e4       0xc4 Example/User/main.o
                0x00000000080008e4                SystemClock_Config
 .text.startup.main
                0x00000000080009a8       0x38 Example/User/main.o
                0x00000000080009a8                main
 .text.UserButton_Callback
                0x00000000080009e0        0xc Example/User/main.o
                0x00000000080009e0                UserButton_Callback
 .text.Slave_Ready_To_Transmit_Callback
                0x00000000080009ec       0x34 Example/User/main.o
                0x00000000080009ec                Slave_Ready_To_Transmit_Callback
 .text.Slave_Complete_Callback
                0x0000000008000a20       0x18 Example/User/main.o
                0x0000000008000a20                Slave_Complete_Callback
 .text.Error_Callback
                0x0000000008000a38       0x4c Example/User/main.o
                0x0000000008000a38                Error_Callback
 .text.Master_Complete_Callback
                0x0000000008000a84       0xf4 Example/User/main.o
                0x0000000008000a84                Master_Complete_Callback
 .text.Master_Reception_Callback
                0x0000000008000b78       0x9c Example/User/main.o
                0x0000000008000b78                Master_Reception_Callback
 .text.NMI_Handler
                0x0000000008000c14        0x2 Example/User/stm32f4xx_it.o
                0x0000000008000c14                NMI_Handler
 .text.HardFault_Handler
                0x0000000008000c16        0x2 Example/User/stm32f4xx_it.o
                0x0000000008000c16                HardFault_Handler
 .text.MemManage_Handler
                0x0000000008000c18        0x2 Example/User/stm32f4xx_it.o
                0x0000000008000c18                MemManage_Handler
 .text.BusFault_Handler
                0x0000000008000c1a        0x2 Example/User/stm32f4xx_it.o
                0x0000000008000c1a                BusFault_Handler
 .text.UsageFault_Handler
                0x0000000008000c1c        0x2 Example/User/stm32f4xx_it.o
                0x0000000008000c1c                UsageFault_Handler
 .text.SVC_Handler
                0x0000000008000c1e        0x2 Example/User/stm32f4xx_it.o
                0x0000000008000c1e                SVC_Handler
 .text.DebugMon_Handler
                0x0000000008000c20        0x2 Example/User/stm32f4xx_it.o
                0x0000000008000c20                DebugMon_Handler
 .text.PendSV_Handler
                0x0000000008000c22        0x2 Example/User/stm32f4xx_it.o
                0x0000000008000c22                PendSV_Handler
 .text.SysTick_Handler
                0x0000000008000c24        0x2 Example/User/stm32f4xx_it.o
                0x0000000008000c24                SysTick_Handler
 *fill*         0x0000000008000c26        0x2 
 .text.EXTI15_10_IRQHandler
                0x0000000008000c28       0x18 Example/User/stm32f4xx_it.o
                0x0000000008000c28                EXTI15_10_IRQHandler
 .text.I2C1_EV_IRQHandler
                0x0000000008000c40       0x54 Example/User/stm32f4xx_it.o
                0x0000000008000c40                I2C1_EV_IRQHandler
 .text.I2C1_ER_IRQHandler
                0x0000000008000c94       0x28 Example/User/stm32f4xx_it.o
                0x0000000008000c94                I2C1_ER_IRQHandler
 .text.I2C2_EV_IRQHandler
                0x0000000008000cbc       0x80 Example/User/stm32f4xx_it.o
                0x0000000008000cbc                I2C2_EV_IRQHandler
 .text.I2C2_ER_IRQHandler
                0x0000000008000d3c        0x4 Example/User/stm32f4xx_it.o
                0x0000000008000d3c                I2C2_ER_IRQHandler
 .text.__libc_init_array
                0x0000000008000d40       0x48 c:/st/stm32cubeide_1.6.1/stm32cubeide/plugins/com.st.stm32cube.ide.mcu.externaltools.gnu-tools-for-stm32.9-2020-q2-update.win32_1.5.0.202011040924/tools/bin/../lib/gcc/arm-none-eabi/9.3.1/../../../../arm-none-eabi/lib/thumb/v7e-m+fp/hard\libc_nano.a(lib_a-init.o)
                0x0000000008000d40                __libc_init_array
 *(.glue_7)
 .glue_7        0x0000000008000d88        0x0 linker stubs
 *(.glue_7t)
 .glue_7t       0x0000000008000d88        0x0 linker stubs
 *(.eh_frame)
 .eh_frame      0x0000000008000d88        0x0 c:/st/stm32cubeide_1.6.1/stm32cubeide/plugins/com.st.stm32cube.ide.mcu.externaltools.gnu-tools-for-stm32.9-2020-q2-update.win32_1.5.0.202011040924/tools/bin/../lib/gcc/arm-none-eabi/9.3.1/thumb/v7e-m+fp/hard/crtbegin.o
 *(.init)
 .init          0x0000000008000d88        0x4 c:/st/stm32cubeide_1.6.1/stm32cubeide/plugins/com.st.stm32cube.ide.mcu.externaltools.gnu-tools-for-stm32.9-2020-q2-update.win32_1.5.0.202011040924/tools/bin/../lib/gcc/arm-none-eabi/9.3.1/thumb/v7e-m+fp/hard/crti.o
                0x0000000008000d88                _init
 .init          0x0000000008000d8c        0x8 c:/st/stm32cubeide_1.6.1/stm32cubeide/plugins/com.st.stm32cube.ide.mcu.externaltools.gnu-tools-for-stm32.9-2020-q2-update.win32_1.5.0.202011040924/tools/bin/../lib/gcc/arm-none-eabi/9.3.1/thumb/v7e-m+fp/hard/crtn.o
 *(.fini)
 .fini          0x0000000008000d94        0x4 c:/st/stm32cubeide_1.6.1/stm32cubeide/plugins/com.st.stm32cube.ide.mcu.externaltools.gnu-tools-for-stm32.9-2020-q2-update.win32_1.5.0.202011040924/tools/bin/../lib/gcc/arm-none-eabi/9.3.1/thumb/v7e-m+fp/hard/crti.o
                0x0000000008000d94                _fini
 .fini          0x0000000008000d98        0x8 c:/st/stm32cubeide_1.6.1/stm32cubeide/plugins/com.st.stm32cube.ide.mcu.externaltools.gnu-tools-for-stm32.9-2020-q2-update.win32_1.5.0.202011040924/tools/bin/../lib/gcc/arm-none-eabi/9.3.1/thumb/v7e-m+fp/hard/crtn.o
                0x0000000008000da0                . = ALIGN (0x4)
                0x0000000008000da0                _etext = .

.vfp11_veneer   0x0000000008000da0        0x0
 .vfp11_veneer  0x0000000008000da0        0x0 linker stubs

.v4_bx          0x0000000008000da0        0x0
 .v4_bx         0x0000000008000da0        0x0 linker stubs

.iplt           0x0000000008000da0        0x0
 .iplt          0x0000000008000da0        0x0 c:/st/stm32cubeide_1.6.1/stm32cubeide/plugins/com.st.stm32cube.ide.mcu.externaltools.gnu-tools-for-stm32.9-2020-q2-update.win32_1.5.0.202011040924/tools/bin/../lib/gcc/arm-none-eabi/9.3.1/thumb/v7e-m+fp/hard/crtbegin.o

.rodata         0x0000000008000da0       0x18
                0x0000000008000da0                . = ALIGN (0x4)
 *(.rodata)
 .rodata        0x0000000008000da0       0x18 Drivers/CMSIS/system_stm32f4xx.o
                0x0000000008000da0                AHBPrescTable
                0x0000000008000db0                APBPrescTable
 *(.rodata*)
                0x0000000008000db8                . = ALIGN (0x4)

.rel.dyn        0x0000000008000db8        0x0
 .rel.iplt      0x0000000008000db8        0x0 c:/st/stm32cubeide_1.6.1/stm32cubeide/plugins/com.st.stm32cube.ide.mcu.externaltools.gnu-tools-for-stm32.9-2020-q2-update.win32_1.5.0.202011040924/tools/bin/../lib/gcc/arm-none-eabi/9.3.1/thumb/v7e-m+fp/hard/crtbegin.o

.ARM.extab
 *(.ARM.extab* .gnu.linkonce.armextab.*)

.ARM            0x0000000008000db8        0x0
                0x0000000008000db8                __exidx_start = .
 *(.ARM.exidx*)
                0x0000000008000db8                __exidx_end = .

.preinit_array  0x0000000008000db8        0x0
                0x0000000008000db8                PROVIDE (__preinit_array_start = .)
 *(.preinit_array*)
                0x0000000008000db8                PROVIDE (__preinit_array_end = .)

.init_array     0x0000000008000db8        0x4
                0x0000000008000db8                PROVIDE (__init_array_start = .)
 *(SORT_BY_NAME(.init_array.*))
 *(.init_array*)
 .init_array    0x0000000008000db8        0x4 c:/st/stm32cubeide_1.6.1/stm32cubeide/plugins/com.st.stm32cube.ide.mcu.externaltools.gnu-tools-for-stm32.9-2020-q2-update.win32_1.5.0.202011040924/tools/bin/../lib/gcc/arm-none-eabi/9.3.1/thumb/v7e-m+fp/hard/crtbegin.o
                0x0000000008000dbc                PROVIDE (__init_array_end = .)

.fini_array     0x0000000008000dbc        0x4
                [!provide]                        PROVIDE (__fini_array_start = .)
 *(SORT_BY_NAME(.fini_array.*))
 *(.fini_array*)
 .fini_array    0x0000000008000dbc        0x4 c:/st/stm32cubeide_1.6.1/stm32cubeide/plugins/com.st.stm32cube.ide.mcu.externaltools.gnu-tools-for-stm32.9-2020-q2-update.win32_1.5.0.202011040924/tools/bin/../lib/gcc/arm-none-eabi/9.3.1/thumb/v7e-m+fp/hard/crtbegin.o
                [!provide]                        PROVIDE (__fini_array_end = .)
                0x0000000008000dc0                _sidata = LOADADDR (.data)

.data           0x0000000020000000       0x2c load address 0x0000000008000dc0
                0x0000000020000000                . = ALIGN (0x4)
                0x0000000020000000                _sdata = .
 *(.data)
 .data          0x0000000020000000        0x4 Drivers/CMSIS/system_stm32f4xx.o
                0x0000000020000000                SystemCoreClock
 .data          0x0000000020000004       0x26 Example/User/main.o
                0x0000000020000004                ubNbDataToTransmit
                0x0000000020000005                SLAVE_BYTE_TO_SEND
                0x0000000020000029                ubNbDataToReceive
 *(.data*)
                0x000000002000002c                . = ALIGN (0x4)
 *fill*         0x000000002000002a        0x2 
                0x000000002000002c                _edata = .

.igot.plt       0x000000002000002c        0x0 load address 0x0000000008000dec
 .igot.plt      0x000000002000002c        0x0 c:/st/stm32cubeide_1.6.1/stm32cubeide/plugins/com.st.stm32cube.ide.mcu.externaltools.gnu-tools-for-stm32.9-2020-q2-update.win32_1.5.0.202011040924/tools/bin/../lib/gcc/arm-none-eabi/9.3.1/thumb/v7e-m+fp/hard/crtbegin.o
                0x000000002000002c                . = ALIGN (0x4)

.bss            0x000000002000002c       0x64 load address 0x0000000008000dec
                0x000000002000002c                _sbss = .
                0x000000002000002c                __bss_start__ = _sbss
 *(.bss)
 .bss           0x000000002000002c       0x1c c:/st/stm32cubeide_1.6.1/stm32cubeide/plugins/com.st.stm32cube.ide.mcu.externaltools.gnu-tools-for-stm32.9-2020-q2-update.win32_1.5.0.202011040924/tools/bin/../lib/gcc/arm-none-eabi/9.3.1/thumb/v7e-m+fp/hard/crtbegin.o
 .bss           0x0000000020000048        0x2 Example/User/main.o
                0x0000000020000048                ubButtonPress
                0x0000000020000049                ubReceiveIndex
 *(.bss*)
 *(COMMON)
 *fill*         0x000000002000004a        0x2 
 COMMON         0x000000002000004c       0x44 Example/User/main.o
                0x000000002000004c                aReceiveBuffer
                0x0000000020000070                i2c_initstruct
                0x0000000020000090                . = ALIGN (0x4)
                0x0000000020000090                _ebss = .
                0x0000000020000090                __bss_end__ = _ebss

._user_heap_stack
                0x0000000020000090      0x600 load address 0x0000000008000dec
                0x0000000020000090                . = ALIGN (0x8)
                [!provide]                        PROVIDE (end = .)
                [!provide]                        PROVIDE (_end = .)
                0x0000000020000290                . = (. + _Min_Heap_Size)
 *fill*         0x0000000020000090      0x200 
                0x0000000020000690                . = (. + _Min_Stack_Size)
 *fill*         0x0000000020000290      0x400 
                0x0000000020000690                . = ALIGN (0x8)

/DISCARD/
 libc.a(*)
 libm.a(*)
 libgcc.a(*)

.ARM.attributes
                0x0000000000000000       0x30
 *(.ARM.attributes)
 .ARM.attributes
                0x0000000000000000       0x1e c:/st/stm32cubeide_1.6.1/stm32cubeide/plugins/com.st.stm32cube.ide.mcu.externaltools.gnu-tools-for-stm32.9-2020-q2-update.win32_1.5.0.202011040924/tools/bin/../lib/gcc/arm-none-eabi/9.3.1/thumb/v7e-m+fp/hard/crti.o
 .ARM.attributes
                0x000000000000001e       0x34 c:/st/stm32cubeide_1.6.1/stm32cubeide/plugins/com.st.stm32cube.ide.mcu.externaltools.gnu-tools-for-stm32.9-2020-q2-update.win32_1.5.0.202011040924/tools/bin/../lib/gcc/arm-none-eabi/9.3.1/thumb/v7e-m+fp/hard/crtbegin.o
 .ARM.attributes
                0x0000000000000052       0x34 Drivers/CMSIS/system_stm32f4xx.o
 .ARM.attributes
                0x0000000000000086       0x34 Drivers/STM32F4xx_LL_Driver/stm32f4xx_ll_i2c.o
 .ARM.attributes
                0x00000000000000ba       0x34 Drivers/STM32F4xx_LL_Driver/stm32f4xx_ll_rcc.o
 .ARM.attributes
                0x00000000000000ee       0x34 Drivers/STM32F4xx_LL_Driver/stm32f4xx_ll_utils.o
 .ARM.attributes
                0x0000000000000122       0x21 Example/SW4STM32/startup_stm32f411xe.o
 .ARM.attributes
                0x0000000000000143       0x34 Example/User/main.o
 .ARM.attributes
                0x0000000000000177       0x34 Example/User/stm32f4xx_it.o
 .ARM.attributes
                0x00000000000001ab       0x34 c:/st/stm32cubeide_1.6.1/stm32cubeide/plugins/com.st.stm32cube.ide.mcu.externaltools.gnu-tools-for-stm32.9-2020-q2-update.win32_1.5.0.202011040924/tools/bin/../lib/gcc/arm-none-eabi/9.3.1/../../../../arm-none-eabi/lib/thumb/v7e-m+fp/hard\libc_nano.a(lib_a-init.o)
 .ARM.attributes
                0x00000000000001df       0x1e c:/st/stm32cubeide_1.6.1/stm32cubeide/plugins/com.st.stm32cube.ide.mcu.externaltools.gnu-tools-for-stm32.9-2020-q2-update.win32_1.5.0.202011040924/tools/bin/../lib/gcc/arm-none-eabi/9.3.1/thumb/v7e-m+fp/hard/crtn.o
OUTPUT(STM32F411-Nucleo.elf elf32-littlearm)
LOAD linker stubs
LOAD c:/st/stm32cubeide_1.6.1/stm32cubeide/plugins/com.st.stm32cube.ide.mcu.externaltools.gnu-tools-for-stm32.9-2020-q2-update.win32_1.5.0.202011040924/tools/bin/../lib/gcc/arm-none-eabi/9.3.1/../../../../arm-none-eabi/lib/thumb/v7e-m+fp/hard\libc.a
LOAD c:/st/stm32cubeide_1.6.1/stm32cubeide/plugins/com.st.stm32cube.ide.mcu.externaltools.gnu-tools-for-stm32.9-2020-q2-update.win32_1.5.0.202011040924/tools/bin/../lib/gcc/arm-none-eabi/9.3.1/../../../../arm-none-eabi/lib/thumb/v7e-m+fp/hard\libm.a
LOAD c:/st/stm32cubeide_1.6.1/stm32cubeide/plugins/com.st.stm32cube.ide.mcu.externaltools.gnu-tools-for-stm32.9-2020-q2-update.win32_1.5.0.202011040924/tools/bin/../lib/gcc/arm-none-eabi/9.3.1/thumb/v7e-m+fp/hard\libgcc.a

.debug_info     0x0000000000000000     0x59c1
 .debug_info    0x0000000000000000      0x58b Drivers/CMSIS/system_stm32f4xx.o
 .debug_info    0x000000000000058b      0x98d Drivers/STM32F4xx_LL_Driver/stm32f4xx_ll_i2c.o
 .debug_info    0x0000000000000f18      0xa10 Drivers/STM32F4xx_LL_Driver/stm32f4xx_ll_rcc.o
 .debug_info    0x0000000000001928      0xd95 Drivers/STM32F4xx_LL_Driver/stm32f4xx_ll_utils.o
 .debug_info    0x00000000000026bd       0x22 Example/SW4STM32/startup_stm32f411xe.o
 .debug_info    0x00000000000026df     0x296d Example/User/main.o
 .debug_info    0x000000000000504c      0x975 Example/User/stm32f4xx_it.o

.debug_abbrev   0x0000000000000000     0x1062
 .debug_abbrev  0x0000000000000000      0x12f Drivers/CMSIS/system_stm32f4xx.o
 .debug_abbrev  0x000000000000012f      0x249 Drivers/STM32F4xx_LL_Driver/stm32f4xx_ll_i2c.o
 .debug_abbrev  0x0000000000000378      0x30e Drivers/STM32F4xx_LL_Driver/stm32f4xx_ll_rcc.o
 .debug_abbrev  0x0000000000000686      0x340 Drivers/STM32F4xx_LL_Driver/stm32f4xx_ll_utils.o
 .debug_abbrev  0x00000000000009c6       0x12 Example/SW4STM32/startup_stm32f411xe.o
 .debug_abbrev  0x00000000000009d8      0x437 Example/User/main.o
 .debug_abbrev  0x0000000000000e0f      0x253 Example/User/stm32f4xx_it.o

.debug_loc      0x0000000000000000     0x2216
 .debug_loc     0x0000000000000000      0x12f Drivers/CMSIS/system_stm32f4xx.o
 .debug_loc     0x000000000000012f      0x42a Drivers/STM32F4xx_LL_Driver/stm32f4xx_ll_i2c.o
 .debug_loc     0x0000000000000559      0x380 Drivers/STM32F4xx_LL_Driver/stm32f4xx_ll_rcc.o
 .debug_loc     0x00000000000008d9      0x7b3 Drivers/STM32F4xx_LL_Driver/stm32f4xx_ll_utils.o
 .debug_loc     0x000000000000108c      0xf0f Example/User/main.o
 .debug_loc     0x0000000000001f9b      0x27b Example/User/stm32f4xx_it.o

.debug_aranges  0x0000000000000000      0x298
 .debug_aranges
                0x0000000000000000       0x28 Drivers/CMSIS/system_stm32f4xx.o
 .debug_aranges
                0x0000000000000028       0x30 Drivers/STM32F4xx_LL_Driver/stm32f4xx_ll_i2c.o
 .debug_aranges
                0x0000000000000058       0x78 Drivers/STM32F4xx_LL_Driver/stm32f4xx_ll_rcc.o
 .debug_aranges
                0x00000000000000d0       0x58 Drivers/STM32F4xx_LL_Driver/stm32f4xx_ll_utils.o
 .debug_aranges
                0x0000000000000128       0x28 Example/SW4STM32/startup_stm32f411xe.o
 .debug_aranges
                0x0000000000000150       0xe0 Example/User/main.o
 .debug_aranges
                0x0000000000000230       0x68 Example/User/stm32f4xx_it.o

.debug_ranges   0x0000000000000000      0x828
 .debug_ranges  0x0000000000000000       0x18 Drivers/CMSIS/system_stm32f4xx.o
 .debug_ranges  0x0000000000000018       0xf0 Drivers/STM32F4xx_LL_Driver/stm32f4xx_ll_i2c.o
 .debug_ranges  0x0000000000000108      0x1c8 Drivers/STM32F4xx_LL_Driver/stm32f4xx_ll_rcc.o
 .debug_ranges  0x00000000000002d0      0x108 Drivers/STM32F4xx_LL_Driver/stm32f4xx_ll_utils.o
 .debug_ranges  0x00000000000003d8       0x20 Example/SW4STM32/startup_stm32f411xe.o
 .debug_ranges  0x00000000000003f8      0x3d8 Example/User/main.o
 .debug_ranges  0x00000000000007d0       0x58 Example/User/stm32f4xx_it.o

.debug_macro    0x0000000000000000     0xfcb0
 .debug_macro   0x0000000000000000       0xda Drivers/CMSIS/system_stm32f4xx.o
 .debug_macro   0x00000000000000da      0xaae Drivers/CMSIS/system_stm32f4xx.o
 .debug_macro   0x0000000000000b88       0x2e Drivers/CMSIS/system_stm32f4xx.o
 .debug_macro   0x0000000000000bb6       0x28 Drivers/CMSIS/system_stm32f4xx.o
 .debug_macro   0x0000000000000bde       0x22 Drivers/CMSIS/system_stm32f4xx.o
 .debug_macro   0x0000000000000c00       0x8e Drivers/CMSIS/system_stm32f4xx.o
 .debug_macro   0x0000000000000c8e       0x51 Drivers/CMSIS/system_stm32f4xx.o
 .debug_macro   0x0000000000000cdf      0x103 Drivers/CMSIS/system_stm32f4xx.o
 .debug_macro   0x0000000000000de2       0x6a Drivers/CMSIS/system_stm32f4xx.o
 .debug_macro   0x0000000000000e4c      0x1df Drivers/CMSIS/system_stm32f4xx.o
 .debug_macro   0x000000000000102b       0x1c Drivers/CMSIS/system_stm32f4xx.o
 .debug_macro   0x0000000000001047       0x22 Drivers/CMSIS/system_stm32f4xx.o
 .debug_macro   0x0000000000001069       0xdf Drivers/CMSIS/system_stm32f4xx.o
 .debug_macro   0x0000000000001148     0x102d Drivers/CMSIS/system_stm32f4xx.o
 .debug_macro   0x0000000000002175      0x11f Drivers/CMSIS/system_stm32f4xx.o
 .debug_macro   0x0000000000002294     0xb953 Drivers/CMSIS/system_stm32f4xx.o
 .debug_macro   0x000000000000dbe7       0x6d Drivers/CMSIS/system_stm32f4xx.o
 .debug_macro   0x000000000000dc54      0x125 Drivers/STM32F4xx_LL_Driver/stm32f4xx_ll_i2c.o
 .debug_macro   0x000000000000dd79      0x175 Drivers/STM32F4xx_LL_Driver/stm32f4xx_ll_i2c.o
 .debug_macro   0x000000000000deee      0x11d Drivers/STM32F4xx_LL_Driver/stm32f4xx_ll_i2c.o
 .debug_macro   0x000000000000e00b      0x7a0 Drivers/STM32F4xx_LL_Driver/stm32f4xx_ll_i2c.o
 .debug_macro   0x000000000000e7ab       0xf5 Drivers/STM32F4xx_LL_Driver/stm32f4xx_ll_rcc.o
 .debug_macro   0x000000000000e8a0      0x79a Drivers/STM32F4xx_LL_Driver/stm32f4xx_ll_rcc.o
 .debug_macro   0x000000000000f03a      0x1a8 Drivers/STM32F4xx_LL_Driver/stm32f4xx_ll_utils.o
 .debug_macro   0x000000000000f1e2       0x5b Drivers/STM32F4xx_LL_Driver/stm32f4xx_ll_utils.o
 .debug_macro   0x000000000000f23d      0x1ab Drivers/STM32F4xx_LL_Driver/stm32f4xx_ll_utils.o
 .debug_macro   0x000000000000f3e8       0xbc Drivers/STM32F4xx_LL_Driver/stm32f4xx_ll_utils.o
 .debug_macro   0x000000000000f4a4      0x137 Example/User/main.o
 .debug_macro   0x000000000000f5db      0x117 Example/User/main.o
 .debug_macro   0x000000000000f6f2       0x61 Example/User/main.o
 .debug_macro   0x000000000000f753      0x149 Example/User/main.o
 .debug_macro   0x000000000000f89c       0xe8 Example/User/main.o
 .debug_macro   0x000000000000f984      0x17b Example/User/main.o
 .debug_macro   0x000000000000faff       0x7c Example/User/main.o
 .debug_macro   0x000000000000fb7b      0x135 Example/User/stm32f4xx_it.o

.debug_line     0x0000000000000000     0x4159
 .debug_line    0x0000000000000000      0x597 Drivers/CMSIS/system_stm32f4xx.o
 .debug_line    0x0000000000000597      0x78c Drivers/STM32F4xx_LL_Driver/stm32f4xx_ll_i2c.o
 .debug_line    0x0000000000000d23      0x9f9 Drivers/STM32F4xx_LL_Driver/stm32f4xx_ll_rcc.o
 .debug_line    0x000000000000171c      0xb72 Drivers/STM32F4xx_LL_Driver/stm32f4xx_ll_utils.o
 .debug_line    0x000000000000228e       0xbb Example/SW4STM32/startup_stm32f411xe.o
 .debug_line    0x0000000000002349     0x14a1 Example/User/main.o
 .debug_line    0x00000000000037ea      0x96f Example/User/stm32f4xx_it.o

.debug_str      0x0000000000000000    0x5b14e
 .debug_str     0x0000000000000000    0x4fbd3 Drivers/CMSIS/system_stm32f4xx.o
                                      0x4fd5c (size before relaxing)
 .debug_str     0x000000000004fbd3     0x69cf Drivers/STM32F4xx_LL_Driver/stm32f4xx_ll_i2c.o
                                      0x5661d (size before relaxing)
 .debug_str     0x00000000000565a2      0x4b1 Drivers/STM32F4xx_LL_Driver/stm32f4xx_ll_rcc.o
                                      0x551f0 (size before relaxing)
 .debug_str     0x0000000000056a53     0x2ac1 Drivers/STM32F4xx_LL_Driver/stm32f4xx_ll_utils.o
                                      0x57834 (size before relaxing)
 .debug_str     0x0000000000059514       0x6c Example/SW4STM32/startup_stm32f411xe.o
                                         0xcb (size before relaxing)
 .debug_str     0x0000000000059580     0x1959 Example/User/main.o
                                      0x58f37 (size before relaxing)
 .debug_str     0x000000000005aed9      0x275 Example/User/stm32f4xx_it.o
                                      0x5854a (size before relaxing)

.comment        0x0000000000000000       0x53
 .comment       0x0000000000000000       0x53 Drivers/CMSIS/system_stm32f4xx.o
                                         0x54 (size before relaxing)
 .comment       0x0000000000000053       0x54 Drivers/STM32F4xx_LL_Driver/stm32f4xx_ll_i2c.o
 .comment       0x0000000000000053       0x54 Drivers/STM32F4xx_LL_Driver/stm32f4xx_ll_rcc.o
 .comment       0x0000000000000053       0x54 Drivers/STM32F4xx_LL_Driver/stm32f4xx_ll_utils.o
 .comment       0x0000000000000053       0x54 Example/User/main.o
 .comment       0x0000000000000053       0x54 Example/User/stm32f4xx_it.o

.debug_frame    0x0000000000000000      0x5dc
 .debug_frame   0x0000000000000000       0x38 Drivers/CMSIS/system_stm32f4xx.o
 .debug_frame   0x0000000000000038       0x58 Drivers/STM32F4xx_LL_Driver/stm32f4xx_ll_i2c.o
 .debug_frame   0x0000000000000090       0xe0 Drivers/STM32F4xx_LL_Driver/stm32f4xx_ll_rcc.o
 .debug_frame   0x0000000000000170       0xe0 Drivers/STM32F4xx_LL_Driver/stm32f4xx_ll_utils.o
 .debug_frame   0x0000000000000250      0x244 Example/User/main.o
 .debug_frame   0x0000000000000494      0x11c Example/User/stm32f4xx_it.o
 .debug_frame   0x00000000000005b0       0x2c c:/st/stm32cubeide_1.6.1/stm32cubeide/plugins/com.st.stm32cube.ide.mcu.externaltools.gnu-tools-for-stm32.9-2020-q2-update.win32_1.5.0.202011040924/tools/bin/../lib/gcc/arm-none-eabi/9.3.1/../../../../arm-none-eabi/lib/thumb/v7e-m+fp/hard\libc_nano.a(lib_a-init.o)
